evaluating flake...
checking flake output 'nixosConfigurations'...
checking NixOS configuration 'nixosConfigurations.kiosk-01'...
error:
       … while checking flake output 'nixosConfigurations'
         at /nix/store/9bn66llx1s9vla7b4c8k1gy5jm54bm3q-source/flake.nix:9:5:
            8|   outputs = { self, nixpkgs }: {
            9|     nixosConfigurations = {
             |     ^
           10|       # Example kiosk configurations - add more as needed

       … while checking the NixOS configuration 'nixosConfigurations.kiosk-01'
         at /nix/store/9bn66llx1s9vla7b4c8k1gy5jm54bm3q-source/flake.nix:11:7:
           10|       # Example kiosk configurations - add more as needed
           11|       kiosk-01 = nixpkgs.lib.nixosSystem {
             |       ^
           12|         system = "x86_64-linux";

       … from call site
         at /nix/store/9bn66llx1s9vla7b4c8k1gy5jm54bm3q-source/flake.nix:11:7:
           10|       # Example kiosk configurations - add more as needed
           11|       kiosk-01 = nixpkgs.lib.nixosSystem {
             |       ^
           12|         system = "x86_64-linux";

       … while calling anonymous lambda
         at /nix/store/lv9bmgm6v1wc3fiz00v29gi4rk13ja6l-source/lib/attrsets.nix:1571:24:
         1570|     let f = attrPath:
         1571|       zipAttrsWith (n: values:
             |                        ^
         1572|         let here = attrPath ++ [n]; in

       … while calling the 'head' builtin
         at /nix/store/lv9bmgm6v1wc3fiz00v29gi4rk13ja6l-source/lib/attrsets.nix:1575:11:
         1574|         || pred here (elemAt values 1) (head values) then
         1575|           head values
             |           ^
         1576|         else

       … while calling anonymous lambda
         at /nix/store/lv9bmgm6v1wc3fiz00v29gi4rk13ja6l-source/lib/attrsets.nix:1205:18:
         1204|         mapAttrs
         1205|           (name: value:
             |                  ^
         1206|             if isAttrs value && cond value

       … from call site
         at /nix/store/lv9bmgm6v1wc3fiz00v29gi4rk13ja6l-source/lib/attrsets.nix:1208:18:
         1207|             then recurse (path ++ [ name ]) value
         1208|             else f (path ++ [ name ]) value);
             |                  ^
         1209|     in

       … while calling anonymous lambda
         at /nix/store/lv9bmgm6v1wc3fiz00v29gi4rk13ja6l-source/lib/modules.nix:242:72:
          241|           # For definitions that have an associated option
          242|           declaredConfig = mapAttrsRecursiveCond (v: ! isOption v) (_: v: v.value) options;
             |                                                                        ^
          243|

       … while evaluating the attribute 'value'
         at /nix/store/lv9bmgm6v1wc3fiz00v29gi4rk13ja6l-source/lib/modules.nix:809:9:
          808|     in warnDeprecation opt //
          809|       { value = builtins.addErrorContext "while evaluating the option `${showOption loc}':" value;
             |         ^
          810|         inherit (res.defsFinal') highestPrio;

       … while evaluating the option `system.build.toplevel':

       … while evaluating the attribute 'mergedValue'
         at /nix/store/lv9bmgm6v1wc3fiz00v29gi4rk13ja6l-source/lib/modules.nix:844:5:
          843|     # Type-check the remaining definitions, and merge them. Or throw if no definitions.
          844|     mergedValue =
             |     ^
          845|       if isDefined then

       … while evaluating a branch condition
         at /nix/store/lv9bmgm6v1wc3fiz00v29gi4rk13ja6l-source/lib/modules.nix:845:7:
          844|     mergedValue =
          845|       if isDefined then
             |       ^
          846|         if all (def: type.check def.value) defsFinal then type.merge loc defsFinal

       … while evaluating the attribute 'values'
         at /nix/store/lv9bmgm6v1wc3fiz00v29gi4rk13ja6l-source/lib/modules.nix:838:9:
          837|       in {
          838|         values = defs''';
             |         ^
          839|         inherit (defs'') highestPrio;

       … while evaluating a branch condition
         at /nix/store/lv9bmgm6v1wc3fiz00v29gi4rk13ja6l-source/lib/modules.nix:834:11:
          833|           # Avoid sorting if we don't have to.
          834|           if any (def: def.value._type or "" == "order") defs''.values
             |           ^
          835|           then sortProperties defs''.values

       … while calling the 'any' builtin
         at /nix/store/lv9bmgm6v1wc3fiz00v29gi4rk13ja6l-source/lib/modules.nix:834:14:
          833|           # Avoid sorting if we don't have to.
          834|           if any (def: def.value._type or "" == "order") defs''.values
             |              ^
          835|           then sortProperties defs''.values

       … while evaluating the attribute 'values'
         at /nix/store/lv9bmgm6v1wc3fiz00v29gi4rk13ja6l-source/lib/modules.nix:937:7:
          936|     in {
          937|       values = concatMap (def: if getPrio def == highestPrio then [(strip def)] else []) defs;
             |       ^
          938|       inherit highestPrio;

       … while calling the 'concatMap' builtin
         at /nix/store/lv9bmgm6v1wc3fiz00v29gi4rk13ja6l-source/lib/modules.nix:937:16:
          936|     in {
          937|       values = concatMap (def: if getPrio def == highestPrio then [(strip def)] else []) defs;
             |                ^
          938|       inherit highestPrio;

       … while calling the 'concatMap' builtin
         at /nix/store/lv9bmgm6v1wc3fiz00v29gi4rk13ja6l-source/lib/modules.nix:824:17:
          823|         # Process mkMerge and mkIf properties.
          824|         defs' = concatMap (m:
             |                 ^
          825|           map (value: { inherit (m) file; inherit value; }) (builtins.addErrorContext "while evaluating definitions from `${m.file}':" (dischargeProperties m.value))

       … while calling anonymous lambda
         at /nix/store/lv9bmgm6v1wc3fiz00v29gi4rk13ja6l-source/lib/modules.nix:824:28:
          823|         # Process mkMerge and mkIf properties.
          824|         defs' = concatMap (m:
             |                            ^
          825|           map (value: { inherit (m) file; inherit value; }) (builtins.addErrorContext "while evaluating definitions from `${m.file}':" (dischargeProperties m.value))

       … while calling the 'map' builtin
         at /nix/store/lv9bmgm6v1wc3fiz00v29gi4rk13ja6l-source/lib/modules.nix:825:11:
          824|         defs' = concatMap (m:
          825|           map (value: { inherit (m) file; inherit value; }) (builtins.addErrorContext "while evaluating definitions from `${m.file}':" (dischargeProperties m.value))
             |           ^
          826|         ) defs;

       … while evaluating definitions from `/nix/store/lv9bmgm6v1wc3fiz00v29gi4rk13ja6l-source/nixos/modules/system/activation/top-level.nix':

       … from call site
         at /nix/store/lv9bmgm6v1wc3fiz00v29gi4rk13ja6l-source/lib/modules.nix:825:137:
          824|         defs' = concatMap (m:
          825|           map (value: { inherit (m) file; inherit value; }) (builtins.addErrorContext "while evaluating definitions from `${m.file}':" (dischargeProperties m.value))
             |                                                                                                                                         ^
          826|         ) defs;

       … while calling 'dischargeProperties'
         at /nix/store/lv9bmgm6v1wc3fiz00v29gi4rk13ja6l-source/lib/modules.nix:896:25:
          895|   */
          896|   dischargeProperties = def:
             |                         ^
          897|     if def._type or "" == "merge" then

       … while evaluating a branch condition
         at /nix/store/lv9bmgm6v1wc3fiz00v29gi4rk13ja6l-source/lib/modules.nix:897:5:
          896|   dischargeProperties = def:
          897|     if def._type or "" == "merge" then
             |     ^
          898|       concatMap dischargeProperties def.contents

       … while evaluating the attribute 'value'
         at /nix/store/lv9bmgm6v1wc3fiz00v29gi4rk13ja6l-source/lib/modules.nix:607:53:
          606|                 (n: value:
          607|                   [{ inherit (module) file; inherit value; }]
             |                                                     ^
          608|                 )

       … from call site
         at /nix/store/lv9bmgm6v1wc3fiz00v29gi4rk13ja6l-source/nixos/modules/system/activation/top-level.nix:71:12:
           70|   # Replace runtime dependencies
           71|   system = foldr ({ oldDependency, newDependency }: drv:
             |            ^
           72|       pkgs.replaceDependency { inherit oldDependency newDependency drv; }

       … while calling 'foldr'
         at /nix/store/lv9bmgm6v1wc3fiz00v29gi4rk13ja6l-source/lib/lists.nix:121:20:
          120|   */
          121|   foldr = op: nul: list:
             |                    ^
          122|     let

       … from call site
         at /nix/store/lv9bmgm6v1wc3fiz00v29gi4rk13ja6l-source/lib/lists.nix:128:8:
          127|         else op (elemAt list n) (fold' (n + 1));
          128|     in fold' 0;
             |        ^
          129|

       … while calling 'fold''
         at /nix/store/lv9bmgm6v1wc3fiz00v29gi4rk13ja6l-source/lib/lists.nix:124:15:
          123|       len = length list;
          124|       fold' = n:
             |               ^
          125|         if n == len

       … while calling the 'throw' builtin
         at /nix/store/lv9bmgm6v1wc3fiz00v29gi4rk13ja6l-source/nixos/modules/system/activation/top-level.nix:67:10:
           66|   baseSystemAssertWarn = if failedAssertions != []
           67|     then throw "\nFailed assertions:\n${concatStringsSep "\n" (map (x: "- ${x}") failedAssertions)}"
             |          ^
           68|     else showWarnings config.warnings baseSystem;

       error:
       Failed assertions:
       - The option definition `hardware.video.hidpi.enable' in `/nix/store/9bn66llx1s9vla7b4c8k1gy5jm54bm3q-source/kiosk-common.nix' no longer has any effect; please remove it.
       Consider manually configuring fonts.fontconfig according to personal preference.
